// Jest Snapshot v1, https://goo.gl/fbAQLP

exports[`Pruebas en <GiftExpertApp /> se debe hacer el snapshot 1`] = `
<div>
  <div
    class="container vh-75 justify-content-center  align-items-center"
  >
    <div
      class="header p-2 justify-content-between  align-items-center"
    >
      <h1
        class="p-0 m-0"
      >
        GifExpertApp
      </h1>
      <form
        aria-label="form"
      >
        <button
          type="submit"
        >
          Seach
        </button>
        <input
          placeholder="Buscar Gifts"
          type="text"
          value=""
        />
      </form>
    </div>
    <div
      class="container mw-100 d-flex justify-content-center  align-items-center"
    >
      <div
        class="d-flex flex-column w-50 h-25"
      >
        <img
          alt="Home image"
          class="w-100 "
          src="http://perros.com/macho/doberman"
        />
      </div>
    </div>
  </div>
</div>
`;
